#-----------------------------------------------------------
# Vivado v2025.2 (64-bit)
# SW Build 6299465 on Fri Nov 14 12:34:56 MST 2025
# IP Build 6300035 on Fri Nov 14 10:48:45 MST 2025
# SharedData Build 6298862 on Thu Nov 13 04:50:51 MST 2025
# Start of session at: Mon Mar 16 22:00:25 2026
# Process ID         : 340184
# Current directory  : /home/noam/Documents/GitHub/Mabel
# Command line       : vivado -mode batch -source /home/noam/Documents/GitHub/Mabel/build/synthesize_soma_os.tcl
# Log file           : /home/noam/Documents/GitHub/Mabel/vivado.log
# Journal file       : /home/noam/Documents/GitHub/Mabel/vivado.jou
# Running On         : ubuntu
# Platform           : Ubuntu
# Operating System   : Ubuntu 24.04.4 LTS
# Processor Detail   : Intel(R) Core(TM) i5-3210M CPU @ 2.50GHz
# CPU Frequency      : 2893.248 MHz
# CPU Physical cores : 2
# CPU Logical cores  : 4
# Host memory        : 16671 MB
# Swap memory        : 4294 MB
# Total Virtual      : 20965 MB
# Available Virtual  : 12583 MB
#-----------------------------------------------------------
source /home/noam/Documents/GitHub/Mabel/build/synthesize_soma_os.tcl
